2026-05-23 20:25:42,593 - main - INFO - [main.py:73] - FastAPI application initialized: Contact Management API v0.1.0
2026-05-23 20:25:53,220 - main - INFO - [main.py:73] - FastAPI application initialized: Contact Management API v0.1.0
2026-05-23 20:25:53,221 - main - INFO - [main.py:39] - Starting up application...
2026-05-23 20:25:53,221 - main - INFO - [main.py:40] - Environment: development
2026-05-23 20:25:53,221 - main - INFO - [main.py:41] - Database URL: postgresql+psycopg2://postgres:postgres@localhost:5432/contacts_db
2026-05-23 20:30:29,638 - main - INFO - [main.py:73] - FastAPI application initialized: Contact Management API v0.1.0
2026-05-23 20:30:29,638 - main - INFO - [main.py:39] - Starting up application...
2026-05-23 20:30:29,638 - main - INFO - [main.py:40] - Environment: development
2026-05-23 20:30:29,638 - main - INFO - [main.py:41] - Database URL: postgresql+psycopg2://postgres:test@localhost:5432/contacts_db
2026-05-23 20:30:29,679 - sqlalchemy.engine.Engine - INFO - [base.py:1846] - select pg_catalog.version()
2026-05-23 20:30:29,679 - sqlalchemy.engine.Engine - INFO - [base.py:1846] - [raw sql] {}
2026-05-23 20:30:29,680 - sqlalchemy.engine.Engine - INFO - [base.py:1846] - select current_schema()
2026-05-23 20:30:29,680 - sqlalchemy.engine.Engine - INFO - [base.py:1846] - [raw sql] {}
2026-05-23 20:30:29,681 - sqlalchemy.engine.Engine - INFO - [base.py:1846] - show standard_conforming_strings
2026-05-23 20:30:29,681 - sqlalchemy.engine.Engine - INFO - [base.py:1846] - [raw sql] {}
2026-05-23 20:30:29,682 - sqlalchemy.engine.Engine - INFO - [base.py:2710] - BEGIN (implicit)
2026-05-23 20:30:29,684 - sqlalchemy.engine.Engine - INFO - [base.py:1846] - SELECT pg_catalog.pg_class.relname 
FROM pg_catalog.pg_class JOIN pg_catalog.pg_namespace ON pg_catalog.pg_namespace.oid = pg_catalog.pg_class.relnamespace 
WHERE pg_catalog.pg_class.relname = %(table_name)s AND pg_catalog.pg_class.relkind = ANY (ARRAY[%(param_1)s, %(param_2)s, %(param_3)s, %(param_4)s, %(param_5)s]) AND pg_catalog.pg_table_is_visible(pg_catalog.pg_class.oid) AND pg_catalog.pg_namespace.nspname != %(nspname_1)s
2026-05-23 20:30:29,684 - sqlalchemy.engine.Engine - INFO - [base.py:1846] - [generated in 0.00009s] {'table_name': 'contacts', 'param_1': 'r', 'param_2': 'p', 'param_3': 'f', 'param_4': 'v', 'param_5': 'm', 'nspname_1': 'pg_catalog'}
2026-05-23 20:30:29,686 - sqlalchemy.engine.Engine - INFO - [base.py:1846] - 
CREATE TABLE contacts (
	id SERIAL NOT NULL, 
	first_name VARCHAR(50) NOT NULL, 
	last_name VARCHAR(50) NOT NULL, 
	email VARCHAR(100) NOT NULL, 
	phone VARCHAR(20) NOT NULL, 
	birthday VARCHAR(10) NOT NULL, 
	additional_data VARCHAR(500), 
	created_at TIMESTAMP WITHOUT TIME ZONE DEFAULT now() NOT NULL, 
	updated_at TIMESTAMP WITHOUT TIME ZONE DEFAULT now() NOT NULL, 
	PRIMARY KEY (id)
)


2026-05-23 20:30:29,686 - sqlalchemy.engine.Engine - INFO - [base.py:1846] - [no key 0.00004s] {}
2026-05-23 20:30:29,691 - sqlalchemy.engine.Engine - INFO - [base.py:1846] - CREATE UNIQUE INDEX ix_contacts_phone ON contacts (phone)
2026-05-23 20:30:29,691 - sqlalchemy.engine.Engine - INFO - [base.py:1846] - [no key 0.00003s] {}
2026-05-23 20:30:29,692 - sqlalchemy.engine.Engine - INFO - [base.py:1846] - CREATE UNIQUE INDEX ix_contacts_email ON contacts (email)
2026-05-23 20:30:29,692 - sqlalchemy.engine.Engine - INFO - [base.py:1846] - [no key 0.00003s] {}
2026-05-23 20:30:29,693 - sqlalchemy.engine.Engine - INFO - [base.py:1846] - CREATE INDEX ix_contacts_id ON contacts (id)
2026-05-23 20:30:29,693 - sqlalchemy.engine.Engine - INFO - [base.py:1846] - [no key 0.00003s] {}
2026-05-23 20:30:29,693 - sqlalchemy.engine.Engine - INFO - [base.py:2716] - COMMIT
2026-05-23 20:30:29,694 - main - INFO - [main.py:45] - Database tables initialized
2026-05-23 20:31:41,643 - src.api.contacts - INFO - [contacts.py:47] - POST /api/contacts - Creating contact: john@example.com
2026-05-23 20:31:41,643 - src.services.contacts - INFO - [contacts.py:26] - Creating contact: john@example.com
2026-05-23 20:31:41,645 - sqlalchemy.engine.Engine - INFO - [base.py:2710] - BEGIN (implicit)
2026-05-23 20:31:41,646 - sqlalchemy.engine.Engine - INFO - [base.py:1846] - INSERT INTO contacts (first_name, last_name, email, phone, birthday, additional_data) VALUES (%(first_name)s, %(last_name)s, %(email)s, %(phone)s, %(birthday)s, %(additional_data)s) RETURNING contacts.id, contacts.created_at, contacts.updated_at
2026-05-23 20:31:41,646 - sqlalchemy.engine.Engine - INFO - [base.py:1846] - [generated in 0.00010s] {'first_name': 'John', 'last_name': 'Doe', 'email': 'john@example.com', 'phone': '+1234567890', 'birthday': '1990-05-15', 'additional_data': 'Software Developer'}
2026-05-23 20:31:41,649 - sqlalchemy.engine.Engine - INFO - [base.py:2716] - COMMIT
2026-05-23 20:31:41,651 - sqlalchemy.engine.Engine - INFO - [base.py:2710] - BEGIN (implicit)
2026-05-23 20:31:41,652 - sqlalchemy.engine.Engine - INFO - [base.py:1846] - SELECT contacts.id, contacts.first_name, contacts.last_name, contacts.email, contacts.phone, contacts.birthday, contacts.additional_data, contacts.created_at, contacts.updated_at 
FROM contacts 
WHERE contacts.id = %(pk_1)s
2026-05-23 20:31:41,652 - sqlalchemy.engine.Engine - INFO - [base.py:1846] - [generated in 0.00007s] {'pk_1': 1}
2026-05-23 20:31:41,653 - src.repository.contacts - INFO - [contacts.py:44] - Created contact: <Contact(id=1, name='John Doe', email='john@example.com', phone='+1234567890')>
2026-05-23 20:31:41,653 - sqlalchemy.engine.Engine - INFO - [base.py:2713] - ROLLBACK
2026-05-23 20:31:56,797 - src.api.contacts - INFO - [contacts.py:47] - POST /api/contacts - Creating contact: user@example.com
2026-05-23 20:31:56,797 - src.services.contacts - INFO - [contacts.py:26] - Creating contact: user@example.com
2026-05-23 20:31:56,798 - sqlalchemy.engine.Engine - INFO - [base.py:2710] - BEGIN (implicit)
2026-05-23 20:31:56,798 - sqlalchemy.engine.Engine - INFO - [base.py:1846] - INSERT INTO contacts (first_name, last_name, email, phone, birthday, additional_data) VALUES (%(first_name)s, %(last_name)s, %(email)s, %(phone)s, %(birthday)s, %(additional_data)s) RETURNING contacts.id, contacts.created_at, contacts.updated_at
2026-05-23 20:31:56,798 - sqlalchemy.engine.Engine - INFO - [base.py:1846] - [cached since 15.15s ago] {'first_name': 'string', 'last_name': 'string', 'email': 'user@example.com', 'phone': 'stringstri', 'birthday': '9019-40-52', 'additional_data': 'string'}
2026-05-23 20:31:56,801 - sqlalchemy.engine.Engine - INFO - [base.py:2716] - COMMIT
2026-05-23 20:31:56,803 - sqlalchemy.engine.Engine - INFO - [base.py:2710] - BEGIN (implicit)
2026-05-23 20:31:56,804 - sqlalchemy.engine.Engine - INFO - [base.py:1846] - SELECT contacts.id, contacts.first_name, contacts.last_name, contacts.email, contacts.phone, contacts.birthday, contacts.additional_data, contacts.created_at, contacts.updated_at 
FROM contacts 
WHERE contacts.id = %(pk_1)s
2026-05-23 20:31:56,804 - sqlalchemy.engine.Engine - INFO - [base.py:1846] - [cached since 15.15s ago] {'pk_1': 2}
2026-05-23 20:31:56,805 - src.repository.contacts - INFO - [contacts.py:44] - Created contact: <Contact(id=2, name='string string', email='user@example.com', phone='stringstri')>
2026-05-23 20:31:56,805 - sqlalchemy.engine.Engine - INFO - [base.py:2713] - ROLLBACK
2026-05-23 20:32:01,006 - src.api.contacts - INFO - [contacts.py:47] - POST /api/contacts - Creating contact: user@example.com
2026-05-23 20:32:01,006 - src.services.contacts - INFO - [contacts.py:26] - Creating contact: user@example.com
2026-05-23 20:32:01,007 - sqlalchemy.engine.Engine - INFO - [base.py:2710] - BEGIN (implicit)
2026-05-23 20:32:01,007 - sqlalchemy.engine.Engine - INFO - [base.py:1846] - INSERT INTO contacts (first_name, last_name, email, phone, birthday, additional_data) VALUES (%(first_name)s, %(last_name)s, %(email)s, %(phone)s, %(birthday)s, %(additional_data)s) RETURNING contacts.id, contacts.created_at, contacts.updated_at
2026-05-23 20:32:01,008 - sqlalchemy.engine.Engine - INFO - [base.py:1846] - [cached since 19.36s ago] {'first_name': 'string', 'last_name': 'string', 'email': 'user@example.com', 'phone': 'stringstri', 'birthday': '9019-40-52', 'additional_data': 'string'}
2026-05-23 20:32:01,010 - sqlalchemy.engine.Engine - INFO - [base.py:2713] - ROLLBACK
2026-05-23 20:32:01,011 - src.repository.contacts - ERROR - [contacts.py:48] - Failed to create contact: (psycopg2.errors.UniqueViolation) duplicate key value violates unique constraint "ix_contacts_phone"
DETAIL:  Key (phone)=(stringstri) already exists.

[SQL: INSERT INTO contacts (first_name, last_name, email, phone, birthday, additional_data) VALUES (%(first_name)s, %(last_name)s, %(email)s, %(phone)s, %(birthday)s, %(additional_data)s) RETURNING contacts.id, contacts.created_at, contacts.updated_at]
[parameters: {'first_name': 'string', 'last_name': 'string', 'email': 'user@example.com', 'phone': 'stringstri', 'birthday': '9019-40-52', 'additional_data': 'string'}]
(Background on this error at: https://sqlalche.me/e/20/gkpj)
2026-05-23 20:32:01,011 - src.exceptions - ERROR - [exceptions.py:21] - Database error: Failed to create contact: (psycopg2.errors.UniqueViolation) duplicate key value violates unique constraint "ix_contacts_phone"
DETAIL:  Key (phone)=(stringstri) already exists.

[SQL: INSERT INTO contacts (first_name, last_name, email, phone, birthday, additional_data) VALUES (%(first_name)s, %(last_name)s, %(email)s, %(phone)s, %(birthday)s, %(additional_data)s) RETURNING contacts.id, contacts.created_at, contacts.updated_at]
[parameters: {'first_name': 'string', 'last_name': 'string', 'email': 'user@example.com', 'phone': 'stringstri', 'birthday': '9019-40-52', 'additional_data': 'string'}]
(Background on this error at: https://sqlalche.me/e/20/gkpj)
2026-05-23 20:32:20,569 - src.api.contacts - INFO - [contacts.py:106] - GET /api/contacts - first_name=None, last_name=None, email=None, skip=0, limit=10
2026-05-23 20:32:20,570 - src.services.contacts - INFO - [contacts.py:59] - Fetching all contacts (skip=0, limit=10)
2026-05-23 20:32:20,571 - sqlalchemy.engine.Engine - INFO - [base.py:2710] - BEGIN (implicit)
2026-05-23 20:32:20,572 - sqlalchemy.engine.Engine - INFO - [base.py:1846] - SELECT count(contacts.id) AS count_1 
FROM contacts
2026-05-23 20:32:20,572 - sqlalchemy.engine.Engine - INFO - [base.py:1846] - [generated in 0.00007s] {}
2026-05-23 20:32:20,574 - sqlalchemy.engine.Engine - INFO - [base.py:1846] - SELECT contacts.id AS contacts_id, contacts.first_name AS contacts_first_name, contacts.last_name AS contacts_last_name, contacts.email AS contacts_email, contacts.phone AS contacts_phone, contacts.birthday AS contacts_birthday, contacts.additional_data AS contacts_additional_data, contacts.created_at AS contacts_created_at, contacts.updated_at AS contacts_updated_at 
FROM contacts ORDER BY contacts.created_at DESC 
 LIMIT %(param_1)s OFFSET %(param_2)s
2026-05-23 20:32:20,574 - sqlalchemy.engine.Engine - INFO - [base.py:1846] - [generated in 0.00007s] {'param_1': 10, 'param_2': 0}
2026-05-23 20:32:20,576 - sqlalchemy.engine.Engine - INFO - [base.py:2713] - ROLLBACK
2026-05-23 20:33:10,125 - main - INFO - [main.py:52] - Shutting down application...
2026-05-23 20:33:10,602 - main - INFO - [main.py:73] - FastAPI application initialized: Contact Management API v0.1.0
2026-05-23 20:33:10,602 - main - INFO - [main.py:39] - Starting up application...
2026-05-23 20:33:10,602 - main - INFO - [main.py:40] - Environment: development
2026-05-23 20:33:10,602 - main - INFO - [main.py:41] - Database URL: postgresql+psycopg2://postgres:test@localhost:5432/contacts_db
2026-05-23 20:33:10,633 - sqlalchemy.engine.Engine - INFO - [base.py:1846] - select pg_catalog.version()
2026-05-23 20:33:10,633 - sqlalchemy.engine.Engine - INFO - [base.py:1846] - [raw sql] {}
2026-05-23 20:33:10,634 - sqlalchemy.engine.Engine - INFO - [base.py:1846] - select current_schema()
2026-05-23 20:33:10,634 - sqlalchemy.engine.Engine - INFO - [base.py:1846] - [raw sql] {}
2026-05-23 20:33:10,635 - sqlalchemy.engine.Engine - INFO - [base.py:1846] - show standard_conforming_strings
2026-05-23 20:33:10,635 - sqlalchemy.engine.Engine - INFO - [base.py:1846] - [raw sql] {}
2026-05-23 20:33:10,636 - sqlalchemy.engine.Engine - INFO - [base.py:2710] - BEGIN (implicit)
2026-05-23 20:33:10,638 - sqlalchemy.engine.Engine - INFO - [base.py:1846] - SELECT pg_catalog.pg_class.relname 
FROM pg_catalog.pg_class JOIN pg_catalog.pg_namespace ON pg_catalog.pg_namespace.oid = pg_catalog.pg_class.relnamespace 
WHERE pg_catalog.pg_class.relname = %(table_name)s AND pg_catalog.pg_class.relkind = ANY (ARRAY[%(param_1)s, %(param_2)s, %(param_3)s, %(param_4)s, %(param_5)s]) AND pg_catalog.pg_table_is_visible(pg_catalog.pg_class.oid) AND pg_catalog.pg_namespace.nspname != %(nspname_1)s
2026-05-23 20:33:10,638 - sqlalchemy.engine.Engine - INFO - [base.py:1846] - [generated in 0.00011s] {'table_name': 'contacts', 'param_1': 'r', 'param_2': 'p', 'param_3': 'f', 'param_4': 'v', 'param_5': 'm', 'nspname_1': 'pg_catalog'}
2026-05-23 20:33:10,641 - sqlalchemy.engine.Engine - INFO - [base.py:2716] - COMMIT
2026-05-23 20:33:10,642 - main - INFO - [main.py:45] - Database tables initialized
2026-05-23 20:39:51,687 - main - INFO - [main.py:52] - Shutting down application...
2026-05-23 20:39:52,438 - main - INFO - [main.py:73] - FastAPI application initialized: Contact Management API v0.1.0
2026-05-23 20:39:52,439 - main - INFO - [main.py:39] - Starting up application...
2026-05-23 20:39:52,439 - main - INFO - [main.py:40] - Environment: development
2026-05-23 20:39:52,439 - main - INFO - [main.py:41] - Database URL: postgresql+psycopg2://postgres:test@localhost:5432/contacts_db
2026-05-23 20:39:52,466 - sqlalchemy.engine.Engine - INFO - [base.py:1846] - select pg_catalog.version()
2026-05-23 20:39:52,466 - sqlalchemy.engine.Engine - INFO - [base.py:1846] - [raw sql] {}
2026-05-23 20:39:52,467 - sqlalchemy.engine.Engine - INFO - [base.py:1846] - select current_schema()
2026-05-23 20:39:52,467 - sqlalchemy.engine.Engine - INFO - [base.py:1846] - [raw sql] {}
2026-05-23 20:39:52,468 - sqlalchemy.engine.Engine - INFO - [base.py:1846] - show standard_conforming_strings
2026-05-23 20:39:52,468 - sqlalchemy.engine.Engine - INFO - [base.py:1846] - [raw sql] {}
2026-05-23 20:39:52,469 - sqlalchemy.engine.Engine - INFO - [base.py:2710] - BEGIN (implicit)
2026-05-23 20:39:52,471 - sqlalchemy.engine.Engine - INFO - [base.py:1846] - SELECT pg_catalog.pg_class.relname 
FROM pg_catalog.pg_class JOIN pg_catalog.pg_namespace ON pg_catalog.pg_namespace.oid = pg_catalog.pg_class.relnamespace 
WHERE pg_catalog.pg_class.relname = %(table_name)s AND pg_catalog.pg_class.relkind = ANY (ARRAY[%(param_1)s, %(param_2)s, %(param_3)s, %(param_4)s, %(param_5)s]) AND pg_catalog.pg_table_is_visible(pg_catalog.pg_class.oid) AND pg_catalog.pg_namespace.nspname != %(nspname_1)s
2026-05-23 20:39:52,471 - sqlalchemy.engine.Engine - INFO - [base.py:1846] - [generated in 0.00009s] {'table_name': 'contacts', 'param_1': 'r', 'param_2': 'p', 'param_3': 'f', 'param_4': 'v', 'param_5': 'm', 'nspname_1': 'pg_catalog'}
2026-05-23 20:39:52,474 - sqlalchemy.engine.Engine - INFO - [base.py:2716] - COMMIT
2026-05-23 20:39:52,475 - main - INFO - [main.py:45] - Database tables initialized
2026-05-23 20:39:52,778 - main - INFO - [main.py:52] - Shutting down application...
2026-05-23 20:39:53,176 - main - INFO - [main.py:73] - FastAPI application initialized: Contact Management API v0.1.0
2026-05-23 20:39:53,176 - main - INFO - [main.py:39] - Starting up application...
2026-05-23 20:39:53,176 - main - INFO - [main.py:40] - Environment: development
2026-05-23 20:39:53,176 - main - INFO - [main.py:41] - Database URL: postgresql+psycopg2://postgres:test@localhost:5432/contacts_db
2026-05-23 20:39:53,203 - sqlalchemy.engine.Engine - INFO - [base.py:1846] - select pg_catalog.version()
2026-05-23 20:39:53,203 - sqlalchemy.engine.Engine - INFO - [base.py:1846] - [raw sql] {}
2026-05-23 20:39:53,204 - sqlalchemy.engine.Engine - INFO - [base.py:1846] - select current_schema()
2026-05-23 20:39:53,204 - sqlalchemy.engine.Engine - INFO - [base.py:1846] - [raw sql] {}
2026-05-23 20:39:53,205 - sqlalchemy.engine.Engine - INFO - [base.py:1846] - show standard_conforming_strings
2026-05-23 20:39:53,205 - sqlalchemy.engine.Engine - INFO - [base.py:1846] - [raw sql] {}
2026-05-23 20:39:53,206 - sqlalchemy.engine.Engine - INFO - [base.py:2710] - BEGIN (implicit)
2026-05-23 20:39:53,207 - sqlalchemy.engine.Engine - INFO - [base.py:1846] - SELECT pg_catalog.pg_class.relname 
FROM pg_catalog.pg_class JOIN pg_catalog.pg_namespace ON pg_catalog.pg_namespace.oid = pg_catalog.pg_class.relnamespace 
WHERE pg_catalog.pg_class.relname = %(table_name)s AND pg_catalog.pg_class.relkind = ANY (ARRAY[%(param_1)s, %(param_2)s, %(param_3)s, %(param_4)s, %(param_5)s]) AND pg_catalog.pg_table_is_visible(pg_catalog.pg_class.oid) AND pg_catalog.pg_namespace.nspname != %(nspname_1)s
2026-05-23 20:39:53,207 - sqlalchemy.engine.Engine - INFO - [base.py:1846] - [generated in 0.00009s] {'table_name': 'contacts', 'param_1': 'r', 'param_2': 'p', 'param_3': 'f', 'param_4': 'v', 'param_5': 'm', 'nspname_1': 'pg_catalog'}
2026-05-23 20:39:53,210 - sqlalchemy.engine.Engine - INFO - [base.py:2716] - COMMIT
2026-05-23 20:39:53,210 - main - INFO - [main.py:45] - Database tables initialized
2026-05-23 20:42:22,461 - main - INFO - [main.py:73] - FastAPI application initialized: Contact Management API v0.1.0
2026-05-23 20:42:22,465 - main - INFO - [main.py:39] - Starting up application...
2026-05-23 20:42:22,465 - main - INFO - [main.py:40] - Environment: development
2026-05-23 20:42:22,465 - main - INFO - [main.py:41] - Database URL: postgresql+psycopg2://postgres:test@localhost:5432/contacts_db
2026-05-23 20:42:22,490 - sqlalchemy.engine.Engine - INFO - [base.py:1846] - select pg_catalog.version()
2026-05-23 20:42:22,490 - sqlalchemy.engine.Engine - INFO - [base.py:1846] - [raw sql] {}
2026-05-23 20:42:22,492 - sqlalchemy.engine.Engine - INFO - [base.py:1846] - select current_schema()
2026-05-23 20:42:22,492 - sqlalchemy.engine.Engine - INFO - [base.py:1846] - [raw sql] {}
2026-05-23 20:42:22,493 - sqlalchemy.engine.Engine - INFO - [base.py:1846] - show standard_conforming_strings
2026-05-23 20:42:22,493 - sqlalchemy.engine.Engine - INFO - [base.py:1846] - [raw sql] {}
2026-05-23 20:42:22,494 - sqlalchemy.engine.Engine - INFO - [base.py:2710] - BEGIN (implicit)
2026-05-23 20:42:22,496 - sqlalchemy.engine.Engine - INFO - [base.py:1846] - SELECT pg_catalog.pg_class.relname 
FROM pg_catalog.pg_class JOIN pg_catalog.pg_namespace ON pg_catalog.pg_namespace.oid = pg_catalog.pg_class.relnamespace 
WHERE pg_catalog.pg_class.relname = %(table_name)s AND pg_catalog.pg_class.relkind = ANY (ARRAY[%(param_1)s, %(param_2)s, %(param_3)s, %(param_4)s, %(param_5)s]) AND pg_catalog.pg_table_is_visible(pg_catalog.pg_class.oid) AND pg_catalog.pg_namespace.nspname != %(nspname_1)s
2026-05-23 20:42:22,496 - sqlalchemy.engine.Engine - INFO - [base.py:1846] - [generated in 0.00011s] {'table_name': 'contacts', 'param_1': 'r', 'param_2': 'p', 'param_3': 'f', 'param_4': 'v', 'param_5': 'm', 'nspname_1': 'pg_catalog'}
2026-05-23 20:42:22,498 - sqlalchemy.engine.Engine - INFO - [base.py:2716] - COMMIT
2026-05-23 20:42:22,498 - main - INFO - [main.py:45] - Database tables initialized
2026-05-23 20:42:22,499 - httpx - INFO - [_client.py:1013] - HTTP Request: GET http://testserver/health "HTTP/1.1 200 OK"
2026-05-23 20:42:22,500 - src.api.contacts - INFO - [contacts.py:106] - GET /api/contacts - first_name=None, last_name=None, email=None, skip=0, limit=10
2026-05-23 20:42:22,500 - src.services.contacts - INFO - [contacts.py:59] - Fetching all contacts (skip=0, limit=10)
2026-05-23 20:42:22,501 - sqlalchemy.engine.Engine - INFO - [base.py:2710] - BEGIN (implicit)
2026-05-23 20:42:22,502 - sqlalchemy.engine.Engine - INFO - [base.py:1846] - SELECT count(contacts.id) AS count_1 
FROM contacts
2026-05-23 20:42:22,502 - sqlalchemy.engine.Engine - INFO - [base.py:1846] - [generated in 0.00006s] {}
2026-05-23 20:42:22,504 - sqlalchemy.engine.Engine - INFO - [base.py:1846] - SELECT contacts.id AS contacts_id, contacts.first_name AS contacts_first_name, contacts.last_name AS contacts_last_name, contacts.email AS contacts_email, contacts.phone AS contacts_phone, contacts.birthday AS contacts_birthday, contacts.additional_data AS contacts_additional_data, contacts.created_at AS contacts_created_at, contacts.updated_at AS contacts_updated_at 
FROM contacts ORDER BY contacts.created_at DESC 
 LIMIT %(param_1)s OFFSET %(param_2)s
2026-05-23 20:42:22,504 - sqlalchemy.engine.Engine - INFO - [base.py:1846] - [generated in 0.00008s] {'param_1': 10, 'param_2': 0}
2026-05-23 20:42:22,507 - sqlalchemy.engine.Engine - INFO - [base.py:2713] - ROLLBACK
2026-05-23 20:42:22,508 - httpx - INFO - [_client.py:1013] - HTTP Request: GET http://testserver/api/contacts "HTTP/1.1 200 OK"
2026-05-23 20:42:22,508 - main - INFO - [main.py:52] - Shutting down application...
2026-05-23 20:42:30,367 - main - INFO - [main.py:73] - FastAPI application initialized: Contact Management API v0.1.0
2026-05-23 20:42:30,371 - main - INFO - [main.py:39] - Starting up application...
2026-05-23 20:42:30,371 - main - INFO - [main.py:40] - Environment: development
2026-05-23 20:42:30,371 - main - INFO - [main.py:41] - Database URL: postgresql+psycopg2://postgres:test@localhost:5432/contacts_db
2026-05-23 20:42:30,395 - sqlalchemy.engine.Engine - INFO - [base.py:1846] - select pg_catalog.version()
2026-05-23 20:42:30,395 - sqlalchemy.engine.Engine - INFO - [base.py:1846] - [raw sql] {}
2026-05-23 20:42:30,396 - sqlalchemy.engine.Engine - INFO - [base.py:1846] - select current_schema()
2026-05-23 20:42:30,396 - sqlalchemy.engine.Engine - INFO - [base.py:1846] - [raw sql] {}
2026-05-23 20:42:30,397 - sqlalchemy.engine.Engine - INFO - [base.py:1846] - show standard_conforming_strings
2026-05-23 20:42:30,397 - sqlalchemy.engine.Engine - INFO - [base.py:1846] - [raw sql] {}
2026-05-23 20:42:30,398 - sqlalchemy.engine.Engine - INFO - [base.py:2710] - BEGIN (implicit)
2026-05-23 20:42:30,400 - sqlalchemy.engine.Engine - INFO - [base.py:1846] - SELECT pg_catalog.pg_class.relname 
FROM pg_catalog.pg_class JOIN pg_catalog.pg_namespace ON pg_catalog.pg_namespace.oid = pg_catalog.pg_class.relnamespace 
WHERE pg_catalog.pg_class.relname = %(table_name)s AND pg_catalog.pg_class.relkind = ANY (ARRAY[%(param_1)s, %(param_2)s, %(param_3)s, %(param_4)s, %(param_5)s]) AND pg_catalog.pg_table_is_visible(pg_catalog.pg_class.oid) AND pg_catalog.pg_namespace.nspname != %(nspname_1)s
2026-05-23 20:42:30,400 - sqlalchemy.engine.Engine - INFO - [base.py:1846] - [generated in 0.00008s] {'table_name': 'contacts', 'param_1': 'r', 'param_2': 'p', 'param_3': 'f', 'param_4': 'v', 'param_5': 'm', 'nspname_1': 'pg_catalog'}
2026-05-23 20:42:30,402 - sqlalchemy.engine.Engine - INFO - [base.py:2716] - COMMIT
2026-05-23 20:42:30,403 - main - INFO - [main.py:45] - Database tables initialized
2026-05-23 20:42:30,405 - src.api.contacts - INFO - [contacts.py:47] - POST /api/contacts - Creating contact: smoke.20260523184230367833@example.com
2026-05-23 20:42:30,405 - src.services.contacts - INFO - [contacts.py:26] - Creating contact: smoke.20260523184230367833@example.com
2026-05-23 20:42:30,406 - sqlalchemy.engine.Engine - INFO - [base.py:2710] - BEGIN (implicit)
2026-05-23 20:42:30,407 - sqlalchemy.engine.Engine - INFO - [base.py:1846] - INSERT INTO contacts (first_name, last_name, email, phone, birthday, additional_data) VALUES (%(first_name)s, %(last_name)s, %(email)s, %(phone)s, %(birthday)s, %(additional_data)s) RETURNING contacts.id, contacts.created_at, contacts.updated_at
2026-05-23 20:42:30,407 - sqlalchemy.engine.Engine - INFO - [base.py:1846] - [generated in 0.00006s] {'first_name': 'Smoke', 'last_name': 'Test', 'email': 'smoke.20260523184230367833@example.com', 'phone': '4230367833', 'birthday': '1990-05-15', 'additional_data': 'smoke test'}
2026-05-23 20:42:30,408 - sqlalchemy.engine.Engine - INFO - [base.py:2716] - COMMIT
2026-05-23 20:42:30,411 - sqlalchemy.engine.Engine - INFO - [base.py:2710] - BEGIN (implicit)
2026-05-23 20:42:30,411 - sqlalchemy.engine.Engine - INFO - [base.py:1846] - SELECT contacts.id, contacts.first_name, contacts.last_name, contacts.email, contacts.phone, contacts.birthday, contacts.additional_data, contacts.created_at, contacts.updated_at 
FROM contacts 
WHERE contacts.id = %(pk_1)s
2026-05-23 20:42:30,411 - sqlalchemy.engine.Engine - INFO - [base.py:1846] - [generated in 0.00006s] {'pk_1': 4}
2026-05-23 20:42:30,413 - src.repository.contacts - INFO - [contacts.py:44] - Created contact: <Contact(id=4, name='Smoke Test', email='smoke.20260523184230367833@example.com', phone='4230367833')>
2026-05-23 20:42:30,413 - sqlalchemy.engine.Engine - INFO - [base.py:2713] - ROLLBACK
2026-05-23 20:42:30,414 - httpx - INFO - [_client.py:1013] - HTTP Request: POST http://testserver/api/contacts "HTTP/1.1 201 Created"
2026-05-23 20:42:30,414 - src.api.contacts - INFO - [contacts.py:136] - GET /api/contacts/4 - Fetching contact
2026-05-23 20:42:30,414 - src.services.contacts - INFO - [contacts.py:41] - Fetching contact with ID: 4
2026-05-23 20:42:30,415 - sqlalchemy.engine.Engine - INFO - [base.py:2710] - BEGIN (implicit)
2026-05-23 20:42:30,415 - sqlalchemy.engine.Engine - INFO - [base.py:1846] - SELECT contacts.id AS contacts_id, contacts.first_name AS contacts_first_name, contacts.last_name AS contacts_last_name, contacts.email AS contacts_email, contacts.phone AS contacts_phone, contacts.birthday AS contacts_birthday, contacts.additional_data AS contacts_additional_data, contacts.created_at AS contacts_created_at, contacts.updated_at AS contacts_updated_at 
FROM contacts 
WHERE contacts.id = %(id_1)s 
 LIMIT %(param_1)s
2026-05-23 20:42:30,415 - sqlalchemy.engine.Engine - INFO - [base.py:1846] - [generated in 0.00005s] {'id_1': 4, 'param_1': 1}
2026-05-23 20:42:30,417 - sqlalchemy.engine.Engine - INFO - [base.py:2713] - ROLLBACK
2026-05-23 20:42:30,417 - httpx - INFO - [_client.py:1013] - HTTP Request: GET http://testserver/api/contacts/4 "HTTP/1.1 200 OK"
2026-05-23 20:42:30,418 - src.api.contacts - INFO - [contacts.py:167] - PUT /api/contacts/4 - Updating contact
2026-05-23 20:42:30,418 - src.services.contacts - INFO - [contacts.py:145] - Updating contact with ID: 4
2026-05-23 20:42:30,418 - sqlalchemy.engine.Engine - INFO - [base.py:2710] - BEGIN (implicit)
2026-05-23 20:42:30,418 - sqlalchemy.engine.Engine - INFO - [base.py:1846] - SELECT contacts.id AS contacts_id, contacts.first_name AS contacts_first_name, contacts.last_name AS contacts_last_name, contacts.email AS contacts_email, contacts.phone AS contacts_phone, contacts.birthday AS contacts_birthday, contacts.additional_data AS contacts_additional_data, contacts.created_at AS contacts_created_at, contacts.updated_at AS contacts_updated_at 
FROM contacts 
WHERE contacts.id = %(id_1)s 
 LIMIT %(param_1)s
2026-05-23 20:42:30,418 - sqlalchemy.engine.Engine - INFO - [base.py:1846] - [cached since 0.003135s ago] {'id_1': 4, 'param_1': 1}
2026-05-23 20:42:30,420 - sqlalchemy.engine.Engine - INFO - [base.py:1846] - UPDATE contacts SET additional_data=%(additional_data)s, updated_at=now() WHERE contacts.id = %(contacts_id)s
2026-05-23 20:42:30,420 - sqlalchemy.engine.Engine - INFO - [base.py:1846] - [generated in 0.00004s] {'additional_data': 'updated smoke test', 'contacts_id': 4}
2026-05-23 20:42:30,421 - sqlalchemy.engine.Engine - INFO - [base.py:2716] - COMMIT
2026-05-23 20:42:30,422 - sqlalchemy.engine.Engine - INFO - [base.py:2710] - BEGIN (implicit)
2026-05-23 20:42:30,422 - sqlalchemy.engine.Engine - INFO - [base.py:1846] - SELECT contacts.id, contacts.first_name, contacts.last_name, contacts.email, contacts.phone, contacts.birthday, contacts.additional_data, contacts.created_at, contacts.updated_at 
FROM contacts 
WHERE contacts.id = %(pk_1)s
2026-05-23 20:42:30,422 - sqlalchemy.engine.Engine - INFO - [base.py:1846] - [cached since 0.01107s ago] {'pk_1': 4}
2026-05-23 20:42:30,423 - src.repository.contacts - INFO - [contacts.py:209] - Updated contact: <Contact(id=4, name='Smoke Test', email='smoke.20260523184230367833@example.com', phone='4230367833')>
2026-05-23 20:42:30,424 - sqlalchemy.engine.Engine - INFO - [base.py:2713] - ROLLBACK
2026-05-23 20:42:30,424 - httpx - INFO - [_client.py:1013] - HTTP Request: PUT http://testserver/api/contacts/4 "HTTP/1.1 200 OK"
2026-05-23 20:42:30,425 - src.api.contacts - INFO - [contacts.py:190] - DELETE /api/contacts/4 - Deleting contact
2026-05-23 20:42:30,425 - src.services.contacts - INFO - [contacts.py:157] - Deleting contact with ID: 4
2026-05-23 20:42:30,425 - sqlalchemy.engine.Engine - INFO - [base.py:2710] - BEGIN (implicit)
2026-05-23 20:42:30,425 - sqlalchemy.engine.Engine - INFO - [base.py:1846] - SELECT contacts.id AS contacts_id, contacts.first_name AS contacts_first_name, contacts.last_name AS contacts_last_name, contacts.email AS contacts_email, contacts.phone AS contacts_phone, contacts.birthday AS contacts_birthday, contacts.additional_data AS contacts_additional_data, contacts.created_at AS contacts_created_at, contacts.updated_at AS contacts_updated_at 
FROM contacts 
WHERE contacts.id = %(id_1)s 
 LIMIT %(param_1)s
2026-05-23 20:42:30,425 - sqlalchemy.engine.Engine - INFO - [base.py:1846] - [cached since 0.009772s ago] {'id_1': 4, 'param_1': 1}
2026-05-23 20:42:30,426 - sqlalchemy.engine.Engine - INFO - [base.py:1846] - DELETE FROM contacts WHERE contacts.id = %(id)s
2026-05-23 20:42:30,426 - sqlalchemy.engine.Engine - INFO - [base.py:1846] - [generated in 0.00004s] {'id': 4}
2026-05-23 20:42:30,427 - sqlalchemy.engine.Engine - INFO - [base.py:2716] - COMMIT
2026-05-23 20:42:30,427 - src.repository.contacts - INFO - [contacts.py:233] - Deleted contact with ID: 4
2026-05-23 20:42:30,428 - httpx - INFO - [_client.py:1013] - HTTP Request: DELETE http://testserver/api/contacts/4 "HTTP/1.1 204 No Content"
2026-05-23 20:42:30,428 - src.api.contacts - INFO - [contacts.py:136] - GET /api/contacts/4 - Fetching contact
2026-05-23 20:42:30,428 - src.services.contacts - INFO - [contacts.py:41] - Fetching contact with ID: 4
2026-05-23 20:42:30,429 - sqlalchemy.engine.Engine - INFO - [base.py:2710] - BEGIN (implicit)
2026-05-23 20:42:30,429 - sqlalchemy.engine.Engine - INFO - [base.py:1846] - SELECT contacts.id AS contacts_id, contacts.first_name AS contacts_first_name, contacts.last_name AS contacts_last_name, contacts.email AS contacts_email, contacts.phone AS contacts_phone, contacts.birthday AS contacts_birthday, contacts.additional_data AS contacts_additional_data, contacts.created_at AS contacts_created_at, contacts.updated_at AS contacts_updated_at 
FROM contacts 
WHERE contacts.id = %(id_1)s 
 LIMIT %(param_1)s
2026-05-23 20:42:30,429 - sqlalchemy.engine.Engine - INFO - [base.py:1846] - [cached since 0.01331s ago] {'id_1': 4, 'param_1': 1}
2026-05-23 20:42:30,429 - src.repository.contacts - WARNING - [contacts.py:67] - Contact with ID 4 not found
2026-05-23 20:42:30,429 - src.exceptions - ERROR - [exceptions.py:21] - Contact not found: Contact with ID 4 does not exist.
2026-05-23 20:42:30,430 - sqlalchemy.engine.Engine - INFO - [base.py:2713] - ROLLBACK
2026-05-23 20:42:30,430 - httpx - INFO - [_client.py:1013] - HTTP Request: GET http://testserver/api/contacts/4 "HTTP/1.1 404 Not Found"
2026-05-23 20:42:30,430 - main - INFO - [main.py:52] - Shutting down application...
2026-05-23 20:46:41,565 - main - INFO - [main.py:52] - Shutting down application...
2026-05-23 20:46:41,979 - main - INFO - [main.py:72] - FastAPI application initialized: Contact Management API v0.1.0
2026-05-23 20:46:41,980 - main - INFO - [main.py:39] - Starting up application...
2026-05-23 20:46:41,980 - main - INFO - [main.py:40] - Environment: development
2026-05-23 20:46:41,980 - main - INFO - [main.py:41] - Database URL: postgresql+psycopg2://postgres:test@localhost:5432/contacts_db
2026-05-23 20:46:42,005 - sqlalchemy.engine.Engine - INFO - [base.py:1846] - select pg_catalog.version()
2026-05-23 20:46:42,005 - sqlalchemy.engine.Engine - INFO - [base.py:1846] - [raw sql] {}
2026-05-23 20:46:42,006 - sqlalchemy.engine.Engine - INFO - [base.py:1846] - select current_schema()
2026-05-23 20:46:42,006 - sqlalchemy.engine.Engine - INFO - [base.py:1846] - [raw sql] {}
2026-05-23 20:46:42,007 - sqlalchemy.engine.Engine - INFO - [base.py:1846] - show standard_conforming_strings
2026-05-23 20:46:42,007 - sqlalchemy.engine.Engine - INFO - [base.py:1846] - [raw sql] {}
2026-05-23 20:46:42,007 - sqlalchemy.engine.Engine - INFO - [base.py:2710] - BEGIN (implicit)
2026-05-23 20:46:42,009 - sqlalchemy.engine.Engine - INFO - [base.py:1846] - SELECT pg_catalog.pg_class.relname 
FROM pg_catalog.pg_class JOIN pg_catalog.pg_namespace ON pg_catalog.pg_namespace.oid = pg_catalog.pg_class.relnamespace 
WHERE pg_catalog.pg_class.relname = %(table_name)s AND pg_catalog.pg_class.relkind = ANY (ARRAY[%(param_1)s, %(param_2)s, %(param_3)s, %(param_4)s, %(param_5)s]) AND pg_catalog.pg_table_is_visible(pg_catalog.pg_class.oid) AND pg_catalog.pg_namespace.nspname != %(nspname_1)s
2026-05-23 20:46:42,009 - sqlalchemy.engine.Engine - INFO - [base.py:1846] - [generated in 0.00008s] {'table_name': 'contacts', 'param_1': 'r', 'param_2': 'p', 'param_3': 'f', 'param_4': 'v', 'param_5': 'm', 'nspname_1': 'pg_catalog'}
2026-05-23 20:46:42,011 - sqlalchemy.engine.Engine - INFO - [base.py:2716] - COMMIT
2026-05-23 20:46:42,011 - main - INFO - [main.py:44] - Database tables initialized
2026-05-23 20:52:19,829 - main - INFO - [main.py:51] - Shutting down application...
2026-05-23 20:52:20,342 - main - INFO - [main.py:67] - FastAPI application initialized: Contact Management API v0.1.0
2026-05-23 20:52:20,343 - main - INFO - [main.py:37] - Starting up application...
2026-05-23 20:52:20,343 - main - INFO - [main.py:38] - Environment: development
2026-05-23 20:52:20,343 - main - INFO - [main.py:39] - Database URL: postgresql+psycopg2://postgres:test@localhost:5432/contacts_db
2026-05-23 20:52:24,018 - main - INFO - [main.py:67] - FastAPI application initialized: Contact Management API v0.1.0
2026-05-23 20:52:37,445 - main - INFO - [main.py:46] - Shutting down application...
2026-05-23 20:52:37,838 - main - INFO - [main.py:67] - FastAPI application initialized: Contact Management API v0.1.0
2026-05-23 20:52:37,838 - main - INFO - [main.py:37] - Starting up application...
2026-05-23 20:52:37,838 - main - INFO - [main.py:38] - Environment: development
2026-05-23 20:52:37,838 - main - INFO - [main.py:39] - Database URL: postgresql+psycopg2://postgres:test@localhost:5432/contacts_db
